[confirabancred.com/index.html]
[backblue.gif]
[fade.gif]
[index.html]
[confirabancred.com/public/images/banner.jpg]
[confirabancred.com/public/images/favicon.ico]
[confirabancred.com/public/css/global.css]
[cdn.utmify.com.br/scripts/utms/latest.js]
[cdn.utmify.com.br/scripts/pixel/pixel-google.js]
[connect.facebook.net/en_US/fbevents.js]
[confirabancred.com/public/js/jquery.min.js]
[confirabancred.com/public/js/jquery.mask.min.js]
[cdn.jsdelivr.net/npm/alpinejs@3.x.x/dist/cdn.min.js]
[confirabancred.com/index.html]
[confirabancred.com/public/css/global.css]
[confirabancred.com/cpf.html]
[confirabancred.com/signals/config/index.html]
[confirabancred.com/t.a.delayed]
[confirabancred.com/e]
[confirabancred.com/t.resolvedLink]
[confirabancred.com/o]
[confirabancred.com/signals/iwl.js]
[confirabancred.com/signals/iwl0fc5.js]
[confirabancred.com/signals/plugins/index.html]
[confirabancred.com/r.dl]
[confirabancred.com/r.rl]
[connect.facebook.net/en_US/fbevents.js]
[confirabancred.com/schema.org/index.html]
[confirabancred.com/cpf.html]
[confirabancred.com/signals/config/index.html]
[confirabancred.com/t.html]
[confirabancred.com/e.html]
[confirabancred.com/signals/plugins/index.html]
[confirabancred.com/schema.org/index.html]
[confirabancred.com/t-2.html]
[confirabancred.com/o.html]
[confirabancred.com/signals/iwl.html]
[confirabancred.com/signals/iwl0fc5.html]
[confirabancred.com/r.html]
[confirabancred.com/r-2.html]
[confirabancred.com/consulta/cpf.html]
[confirabancred.com/pessoa.html]
[confirabancred.com/pessoa.html]
[confirabancred.com/simulacao.html]
[confirabancred.com/simulacao.html]
[confirabancred.com/analise.html]
[confirabancred.com/analise.html]
[confirabancred.com/aprovado.html]
[confirabancred.com/aprovado.html]
[confirabancred.com/endereco.html]
[confirabancred.com/endereco.html]
[confirabancred.com/credenciais.html]
[confirabancred.com/credenciais.html]
[confirabancred.com/configurando-conta.html]
[confirabancred.com/configurando-conta.html]
[confirabancred.com/conta.html]
[confirabancred.com/public/build/assets/app-DUxc7Kjs.css]
[confirabancred.com/public/build/assets/app-CAiCLEjY.js]
[confirabancred.com/conta/saque.html]
[confirabancred.com/conta.html]
[confirabancred.com/public/build/assets/app-DUxc7Kjs.css]
[confirabancred.com/conta/pix.html]
[confirabancred.com/conta/saque.html]
[confirabancred.com/conta/pix.html]
[confirabancred.com/conta/saque/confirmar.html]
[confirabancred.com/conta/saque/confirmar.html]
[confirabancred.com/conta/saque/seguro-prestamista.html]
[confirabancred.com/public/videos/prestamista.mp4]
[confirabancred.com/conta/saque/seguro-prestamista.html]
[confirabancred.com/conta/saque/finalizar.html]
[confirabancred.com/public/images/stellanz.svg]
[confirabancred.com/public/images/pix-icon.svg]
[confirabancred.com/public/images/stellanz.webp]
[confirabancred.com/conta/saque/finalizar.html]
[confirabancred.com/public/images/stellanz.svg]
[confirabancred.com/public/images/pix-icon.svg]
[confirabancred.com/conta/checkout.html]
[confirabancred.com/public/images/1.jpg]
[confirabancred.com/public/images/3.jpg]
[confirabancred.com/public/images/5.jpg]
[confirabancred.com/conta/checkout.html]
